
*** Running vivado
    with args -log nbitRegister.vds -m64 -product Vivado -mode batch -messageDb vivado.pb -notrace -source nbitRegister.tcl

INFO: [Common 17-3922] A valid Vivado Design Suite BASIC license has been detected. Your current license is active and will expire on 14-aug-2027.
#-----------------------------------------------------------
# Vivado v2026.1 (64-bit)
# SW Build 6511674 on Tue Jun 16 11:01:26 MDT 2026
# IP Build 6504888 on Tue Jun 09 09:05:25 MDT 2026
# SharedData Build 6501428 on Mon Jun 08 17:34:18 MDT 2026
# Start of session at: Sat Aug 15 15:26:09 2026
# Process ID         : 25160
# Current directory  : /home/boib2/vivadoProjects/registerProj/project_1/project_1.runs/synth_1
# Command line       : vivado -log nbitRegister.vds -product Vivado -mode batch -messageDb vivado.pb -notrace -source nbitRegister.tcl
# Log file           : /home/boib2/vivadoProjects/registerProj/project_1/project_1.runs/synth_1/nbitRegister.vds
# Journal file       : /home/boib2/vivadoProjects/registerProj/project_1/project_1.runs/synth_1/vivado.jou
# Running On         : Elvinjohn1234
# Platform           : Ubuntu
# Operating System   : Ubuntu 26.04 LTS
# Processor Detail   : AMD Ryzen 9 7945HX with Radeon Graphics
# CPU Frequency      : 2495.270 MHz
# CPU Physical cores : 16
# CPU Logical cores  : 32
# Host memory        : 7903 MB
# Swap memory        : 2147 MB
# Total Virtual      : 10051 MB
# Available Virtual  : 8022 MB
#-----------------------------------------------------------

****** Vivado v2026.1 (64-bit)
  **** SW Build 6511674 on Tue Jun 16 11:01:26 MDT 2026
  **** IP Build 6504888 on Tue Jun 09 09:05:25 MDT 2026
  **** SharedData Build 6501428 on Mon Jun 08 17:34:18 MDT 2026
  **** Start of session at: Sat Aug 15 15:26:09 2026
    ** Copyright 1986-2022 Xilinx, Inc. All Rights Reserved.
    ** Copyright 2022-2026 Advanced Micro Devices, Inc. All Rights Reserved.

source nbitRegister.tcl -notrace
Command: synth_design -top nbitRegister -part xc7a35tcpg236-1
Starting synth_design
Attempting to get a license for feature 'Vivado_Synthesis' and/or device 'xc7a35t'
INFO: [Common 17-349] Got license for feature 'Vivado_Synthesis' and/or device 'xc7a35t'
INFO: [Synth 8-7079] Multithreading enabled for synth_design using a maximum of 7 processes.
INFO: [Synth 8-7078] Launching helper process for spawning children vivado processes
INFO: [Synth 8-7075] Helper process launched with PID 25199
---------------------------------------------------------------------------------
Starting Synthesize : Time (s): cpu = 00:00:03 ; elapsed = 00:00:03 . Memory (MB): peak = 2204.660 ; gain = 497.500 ; free physical = 3128 ; free virtual = 6467
---------------------------------------------------------------------------------
INFO: [Synth 8-6157] synthesizing module 'nbitRegister' [/home/boib2/vivadoProjects/registerProj/project_1/project_1.srcs/sources_1/new/n-bit-Register.v:22]
INFO: [Synth 8-6155] done synthesizing module 'nbitRegister' (0#1) [/home/boib2/vivadoProjects/registerProj/project_1/project_1.srcs/sources_1/new/n-bit-Register.v:22]
---------------------------------------------------------------------------------
Finished Synthesize : Time (s): cpu = 00:00:04 ; elapsed = 00:00:04 . Memory (MB): peak = 2289.629 ; gain = 582.469 ; free physical = 3028 ; free virtual = 6370
---------------------------------------------------------------------------------
---------------------------------------------------------------------------------
Finished Constraint Validation : Time (s): cpu = 00:00:04 ; elapsed = 00:00:05 . Memory (MB): peak = 2304.473 ; gain = 597.312 ; free physical = 3033 ; free virtual = 6375
---------------------------------------------------------------------------------
---------------------------------------------------------------------------------
Start Loading Part and Timing Information
---------------------------------------------------------------------------------
Loading part: xc7a35tcpg236-1
---------------------------------------------------------------------------------
INFO: [Device 21-403] Loading part xc7a35tcpg236-1
Finished Loading Part and Timing Information : Time (s): cpu = 00:00:04 ; elapsed = 00:00:05 . Memory (MB): peak = 2304.473 ; gain = 597.312 ; free physical = 3033 ; free virtual = 6375
---------------------------------------------------------------------------------
---------------------------------------------------------------------------------
Finished RTL Optimization Phase 2 : Time (s): cpu = 00:00:04 ; elapsed = 00:00:05 . Memory (MB): peak = 2313.379 ; gain = 606.219 ; free physical = 3021 ; free virtual = 6368
---------------------------------------------------------------------------------
No constraint files found.
---------------------------------------------------------------------------------
Start RTL Component Statistics 
---------------------------------------------------------------------------------
Detailed RTL Component Info : 
+---Registers : 
	               32 Bit    Registers := 1     
---------------------------------------------------------------------------------
Finished RTL Component Statistics 
---------------------------------------------------------------------------------
---------------------------------------------------------------------------------
Start Part Resource Summary
---------------------------------------------------------------------------------
Part Resources:
DSPs: 90 (col length:60)
BRAMs: 100 (col length: RAMB18 60 RAMB36 30)
---------------------------------------------------------------------------------
Finished Part Resource Summary
---------------------------------------------------------------------------------
No constraint files found.
---------------------------------------------------------------------------------
Start Cross Boundary and Area Optimization
---------------------------------------------------------------------------------
---------------------------------------------------------------------------------
Finished Cross Boundary and Area Optimization : Time (s): cpu = 00:00:06 ; elapsed = 00:00:07 . Memory (MB): peak = 2400.285 ; gain = 693.125 ; free physical = 2899 ; free virtual = 6277
---------------------------------------------------------------------------------
No constraint files found.
---------------------------------------------------------------------------------
Start Timing Optimization
---------------------------------------------------------------------------------
---------------------------------------------------------------------------------
Finished Timing Optimization : Time (s): cpu = 00:00:06 ; elapsed = 00:00:07 . Memory (MB): peak = 2424.098 ; gain = 716.938 ; free physical = 2890 ; free virtual = 6267
---------------------------------------------------------------------------------
---------------------------------------------------------------------------------
Start Technology Mapping
---------------------------------------------------------------------------------
---------------------------------------------------------------------------------
Finished Technology Mapping : Time (s): cpu = 00:00:06 ; elapsed = 00:00:07 . Memory (MB): peak = 2424.098 ; gain = 716.938 ; free physical = 2883 ; free virtual = 6260
---------------------------------------------------------------------------------
---------------------------------------------------------------------------------
Start IO Insertion
---------------------------------------------------------------------------------
---------------------------------------------------------------------------------
Start Flattening Before IO Insertion
---------------------------------------------------------------------------------
---------------------------------------------------------------------------------
Finished Flattening Before IO Insertion
---------------------------------------------------------------------------------
---------------------------------------------------------------------------------
Start Final Netlist Cleanup
---------------------------------------------------------------------------------
---------------------------------------------------------------------------------
Finished Final Netlist Cleanup
---------------------------------------------------------------------------------
---------------------------------------------------------------------------------
Finished IO Insertion : Time (s): cpu = 00:00:08 ; elapsed = 00:00:10 . Memory (MB): peak = 2627.910 ; gain = 920.750 ; free physical = 2712 ; free virtual = 6089
---------------------------------------------------------------------------------
---------------------------------------------------------------------------------
Start Renaming Generated Instances
---------------------------------------------------------------------------------
---------------------------------------------------------------------------------
Finished Renaming Generated Instances : Time (s): cpu = 00:00:08 ; elapsed = 00:00:10 . Memory (MB): peak = 2627.910 ; gain = 920.750 ; free physical = 2712 ; free virtual = 6090
---------------------------------------------------------------------------------
---------------------------------------------------------------------------------
Start Rebuilding User Hierarchy
---------------------------------------------------------------------------------
---------------------------------------------------------------------------------
Finished Rebuilding User Hierarchy : Time (s): cpu = 00:00:08 ; elapsed = 00:00:10 . Memory (MB): peak = 2627.910 ; gain = 920.750 ; free physical = 2712 ; free virtual = 6090
---------------------------------------------------------------------------------
---------------------------------------------------------------------------------
Start Renaming Generated Ports
---------------------------------------------------------------------------------
---------------------------------------------------------------------------------
Finished Renaming Generated Ports : Time (s): cpu = 00:00:08 ; elapsed = 00:00:10 . Memory (MB): peak = 2627.910 ; gain = 920.750 ; free physical = 2712 ; free virtual = 6090
---------------------------------------------------------------------------------
---------------------------------------------------------------------------------
Start Handling Custom Attributes
---------------------------------------------------------------------------------
---------------------------------------------------------------------------------
Finished Handling Custom Attributes : Time (s): cpu = 00:00:08 ; elapsed = 00:00:10 . Memory (MB): peak = 2627.910 ; gain = 920.750 ; free physical = 2712 ; free virtual = 6090
---------------------------------------------------------------------------------
---------------------------------------------------------------------------------
Start Renaming Generated Nets
---------------------------------------------------------------------------------
---------------------------------------------------------------------------------
Finished Renaming Generated Nets : Time (s): cpu = 00:00:08 ; elapsed = 00:00:10 . Memory (MB): peak = 2627.910 ; gain = 920.750 ; free physical = 2712 ; free virtual = 6090
---------------------------------------------------------------------------------
---------------------------------------------------------------------------------
Start Writing Synthesis Report
---------------------------------------------------------------------------------

Report BlackBoxes: 
+-+--------------+----------+
| |BlackBox name |Instances |
+-+--------------+----------+
+-+--------------+----------+

Report Cell Usage: 
+------+-----+------+
|      |Cell |Count |
+------+-----+------+
|1     |BUFG |     1|
|2     |FDRE |    32|
|3     |IBUF |    35|
|4     |OBUF |    32|
+------+-----+------+

Report Instance Areas: 
+------+---------+-------+------+
|      |Instance |Module |Cells |
+------+---------+-------+------+
|1     |top      |       |   100|
+------+---------+-------+------+
---------------------------------------------------------------------------------
Finished Writing Synthesis Report : Time (s): cpu = 00:00:08 ; elapsed = 00:00:10 . Memory (MB): peak = 2627.910 ; gain = 920.750 ; free physical = 2712 ; free virtual = 6090
---------------------------------------------------------------------------------
Synthesis finished with 0 errors, 0 critical warnings and 0 warnings.
Synthesis Optimization Runtime : Time (s): cpu = 00:00:08 ; elapsed = 00:00:10 . Memory (MB): peak = 2627.910 ; gain = 920.750 ; free physical = 2712 ; free virtual = 6090
Synthesis Optimization Complete : Time (s): cpu = 00:00:08 ; elapsed = 00:00:10 . Memory (MB): peak = 2630.879 ; gain = 920.750 ; free physical = 2712 ; free virtual = 6089
INFO: [Project 1-571] Translating synthesized netlist
Netlist sorting complete. Time (s): cpu = 00:00:00 ; elapsed = 00:00:00 . Memory (MB): peak = 2641.785 ; gain = 0.000 ; free physical = 2674 ; free virtual = 6072
INFO: [Project 1-570] Preparing netlist for logic optimization
INFO: [Opt 31-138] Pushed 0 inverter(s) to 0 load pin(s).
Netlist sorting complete. Time (s): cpu = 00:00:00 ; elapsed = 00:00:00 . Memory (MB): peak = 2743.348 ; gain = 0.000 ; free physical = 2713 ; free virtual = 6127
INFO: [Project 1-111] Unisim Transformation Summary:
No Unisim elements were transformed.

Synth Design complete | Checksum: b8e44faf
INFO: [Common 17-83] Releasing license: Vivado_Synthesis
12 Infos, 0 Warnings, 0 Critical Warnings and 0 Errors encountered.
synth_design completed successfully
synth_design: Time (s): cpu = 00:00:11 ; elapsed = 00:00:12 . Memory (MB): peak = 2746.316 ; gain = 1039.156 ; free physical = 2714 ; free virtual = 6128
INFO: [Common 17-2834] synth_design peak Physical Memory [PSS] (MB): overall = 1860.075; main = 1860.075; forked = 0.000
INFO: [Common 17-2834] synth_design peak Virtual Memory [VSS] (MB): overall = 2746.316; main = 2746.316; forked = 0.000
Write ShapeDB Complete: Time (s): cpu = 00:00:00 ; elapsed = 00:00:00 . Memory (MB): peak = 2754.320 ; gain = 0.000 ; free physical = 2714 ; free virtual = 6128
INFO: [Common 17-1381] The checkpoint '/home/boib2/vivadoProjects/registerProj/project_1/project_1.runs/synth_1/nbitRegister.dcp' has been generated.
INFO: [Vivado 12-24828] Executing command : report_utilization -file nbitRegister_utilization_synth.rpt -pb nbitRegister_utilization_synth.pb
INFO: [Common 17-206] Exiting Vivado at Sat Aug 15 15:26:26 2026...
