#-----------------------------------------------------------
# Vivado v2026.1 (64-bit)
# SW Build 6511674 on Tue Jun 16 11:01:26 MDT 2026
# IP Build 6504888 on Tue Jun 09 09:05:25 MDT 2026
# SharedData Build 6501428 on Mon Jun 08 17:34:18 MDT 2026
# Start of session at: Sat Aug 15 15:26:09 2026
# Process ID         : 25160
# Current directory  : /home/boib2/vivadoProjects/registerProj/project_1/project_1.runs/synth_1
# Command line       : vivado -log nbitRegister.vds -product Vivado -mode batch -messageDb vivado.pb -notrace -source nbitRegister.tcl
# Log file           : /home/boib2/vivadoProjects/registerProj/project_1/project_1.runs/synth_1/nbitRegister.vds
# Journal file       : /home/boib2/vivadoProjects/registerProj/project_1/project_1.runs/synth_1/vivado.jou
# Running On         : Elvinjohn1234
# Platform           : Ubuntu
# Operating System   : Ubuntu 26.04 LTS
# Processor Detail   : AMD Ryzen 9 7945HX with Radeon Graphics
# CPU Frequency      : 2495.270 MHz
# CPU Physical cores : 16
# CPU Logical cores  : 32
# Host memory        : 7903 MB
# Swap memory        : 2147 MB
# Total Virtual      : 10051 MB
# Available Virtual  : 8022 MB
#-----------------------------------------------------------
source nbitRegister.tcl -notrace
