#-----------------------------------------------------------
# Vivado v2026.1 (64-bit)
# SW Build 6511674 on Tue Jun 16 11:01:26 MDT 2026
# IP Build 6504888 on Tue Jun 09 09:05:25 MDT 2026
# SharedData Build 6501428 on Mon Jun 08 17:34:18 MDT 2026
# Start of session at: Sat Aug 15 15:52:32 2026
# Process ID         : 29299
# Current directory  : /home/boib2/vivadoProjects/registerProj/project_1
# Command line       : vivado .
# Log file           : /home/boib2/vivadoProjects/registerProj/project_1/vivado.log
# Journal file       : /home/boib2/vivadoProjects/registerProj/project_1/vivado.jou
# Running On         : Elvinjohn1234
# Platform           : Ubuntu
# Operating System   : Ubuntu 26.04 LTS
# Processor Detail   : AMD Ryzen 9 7945HX with Radeon Graphics
# CPU Frequency      : 2495.270 MHz
# CPU Physical cores : 16
# CPU Logical cores  : 32
# Host memory        : 7903 MB
# Swap memory        : 2147 MB
# Total Virtual      : 10051 MB
# Available Virtual  : 9317 MB
#-----------------------------------------------------------
start_gui
open_project /home/boib2/vivadoProjects/registerProj/project_1/project_1.xpr
update_compile_order -fileset sources_1
launch_simulation
source testbench.tcl
