INFO: [Common 17-3922] A valid Vivado Design Suite BASIC license has been detected. Your current license is active and will expire on 14-aug-2027.
#-----------------------------------------------------------
# Vivado v2026.1 (64-bit)
# SW Build 6511674 on Tue Jun 16 11:01:26 MDT 2026
# IP Build 6504888 on Tue Jun 09 09:05:25 MDT 2026
# SharedData Build 6501428 on Mon Jun 08 17:34:18 MDT 2026
# Start of session at: Sat Aug 15 15:52:32 2026
# Process ID         : 29299
# Current directory  : /home/boib2/vivadoProjects/registerProj/project_1
# Command line       : vivado .
# Log file           : /home/boib2/vivadoProjects/registerProj/project_1/vivado.log
# Journal file       : /home/boib2/vivadoProjects/registerProj/project_1/vivado.jou
# Running On         : Elvinjohn1234
# Platform           : Ubuntu
# Operating System   : Ubuntu 26.04 LTS
# Processor Detail   : AMD Ryzen 9 7945HX with Radeon Graphics
# CPU Frequency      : 2495.270 MHz
# CPU Physical cores : 16
# CPU Logical cores  : 32
# Host memory        : 7903 MB
# Swap memory        : 2147 MB
# Total Virtual      : 10051 MB
# Available Virtual  : 9317 MB
#-----------------------------------------------------------
start_gui
open_project /home/boib2/vivadoProjects/registerProj/project_1/project_1.xpr
INFO: [filemgmt 56-3] Default IP Output Path : Could not find the directory '/home/boib2/vivadoProjects/registerProj/project_1/project_1.gen/sources_1'.
Scanning sources...
Finished scanning sources
INFO: [IP_Flow 19-234] Refreshing IP repositories
INFO: [IP_Flow 19-1704] No user IP repositories specified
INFO: [IP_Flow 19-2313] Loaded Vivado IP repository '/tools/Xilinx/2026.1/data/ip'.
update_compile_order -fileset sources_1
launch_simulation
Command: launch_simulation  -mode behavioral
INFO: [Vivado 12-25911] Executing simulation for 'XSim' simulator
INFO: [Project 1-5737] Running on host Elvinjohn1234 (64) - Ubuntu 26.04 LTS
INFO: [Vivado 12-28535] Process started - Sat Aug 15 15:52:54 2026

INFO: [Vivado 12-12493] Simulation top is 'testbench'
INFO: [Vivado 12-5682] Launching behavioral simulation in '/home/boib2/vivadoProjects/registerProj/project_1/project_1.sim/sim_1/behav/xsim'
INFO: [SIM-utils-51] Simulation object is 'sim_1'
INFO: [SIM-utils-72] Using boost library from '/tools/Xilinx/2026.1/tps/boost_1_72_0'
INFO: [SIM-utils-54] Inspecting design source files for 'testbench' in fileset 'sim_1'...
INFO: [USF-XSim-97] Finding global include files...
INFO: [USF-XSim-98] Fetching design files from 'sim_1'...
INFO: [USF-XSim-2] XSim::Compile design
INFO: [USF-XSim-61] Executing 'COMPILE and ANALYZE' step in '/home/boib2/vivadoProjects/registerProj/project_1/project_1.sim/sim_1/behav/xsim'
xvlog --incr --relax -L uvm -L uvm -prj testbench_vlog.prj
Waiting for jobs to finish...
No pending jobs, compilation finished.
INFO: [USF-XSim-69] 'compile' step finished in '1' seconds
INFO: [USF-XSim-3] XSim::Elaborate design
INFO: [USF-XSim-61] Executing 'ELABORATE' step in '/home/boib2/vivadoProjects/registerProj/project_1/project_1.sim/sim_1/behav/xsim'
xelab --incr --debug typical --relax --mt 8 -L xil_defaultlib -L uvm -L unisims_ver -L unimacro_ver -L secureip --snapshot testbench_behav xil_defaultlib.testbench xil_defaultlib.glbl -log elaborate.log -L uvm
Vivado Simulator v2026.1
Copyright 1986-2022 Xilinx, Inc. All Rights Reserved.
Copyright 2022-2026 Advanced Micro Devices, Inc. All Rights Reserved.
Running: /tools/Xilinx/2026.1/Vivado/bin/unwrapped/lnx64.o/xelab --incr --debug typical --relax --mt 8 -L xil_defaultlib -L uvm -L unisims_ver -L unimacro_ver -L secureip --snapshot testbench_behav xil_defaultlib.testbench xil_defaultlib.glbl -log elaborate.log -L uvm 
INFO: [XSIM 43-3493] Using 8 slave threads.
WARNING: [XSIM 43-3431] One or more environment variables have been detected which affect the operation of the C compiler. These are typically not set in standard installations and are not tested by AMD, however they may be appropriate for your system, so the flow will attempt to continue.  If errors occur, try running xelab with the "-mt off -v 1" switches to see more information from the C compiler. The following environment variables have been detected:
    LIBRARY_PATH
Starting static elaboration
Pass Through NonSizing Optimizer
Completed static elaboration
INFO: [XSIM 43-4323] No Change in HDL. Linking previously generated obj files to create kernel
INFO: [USF-XSim-69] 'elaborate' step finished in '2' seconds
INFO: [USF-XSim-4] XSim::Simulate design
INFO: [USF-XSim-61] Executing 'SIMULATE' step in '/home/boib2/vivadoProjects/registerProj/project_1/project_1.sim/sim_1/behav/xsim'
INFO: [USF-XSim-98] *** Running xsim
   with args "testbench_behav -key {Behavioral:sim_1:Functional:testbench} -tclbatch {testbench.tcl} -log {simulate.log} -testplusarg UVM_TESTNAME=counter_test"
INFO: [USF-XSim-8] Loading simulator feature
Time resolution is 1 ps
source testbench.tcl
# set curr_wave [current_wave_config]
# if { [string length $curr_wave] == 0 } {
#   if { [llength [get_objects]] > 0} {
#     add_wave /
#     set_property needs_save false [current_wave_config]
#   } else {
#      send_msg_id Add_Wave-1 WARNING "No top level signals found. Simulator will start without a wave window. If you want to open a wave window go to 'File->New Waveform Configuration' or type 'create_wave_config' in the TCL console."
#   }
# }
WARNING: [Simtcl 6-168] No object found for the given pattern.
WARNING: [Add_Wave-1] No top level signals found. Simulator will start without a wave window. If you want to open a wave window go to 'File->New Waveform Configuration' or type 'create_wave_config' in the TCL console.
# run 1000ns
UVM_INFO /tools/Xilinx/2026.1/Vivado/data/system_verilog/uvm_1.2/xlnx_uvm_package.sv(18601) @ 0: reporter [UVM/RELNOTES] 
----------------------------------------------------------------
UVM-1.2
(C) 2007-2014 Mentor Graphics Corporation
(C) 2007-2014 Cadence Design Systems, Inc.
(C) 2006-2014 Synopsys, Inc.
(C) 2011-2013 Cypress Semiconductor Corp.
(C) 2013-2014 NVIDIA Corporation
----------------------------------------------------------------

  ***********       IMPORTANT RELEASE NOTES         ************

  You are using a version of the UVM library that has been compiled
  with `UVM_NO_DEPRECATED undefined.

  You are using a version of the UVM library that has been compiled
  with `UVM_OBJECT_DO_NOT_NEED_CONSTRUCTOR undefined.

      (Specify +UVM_NO_RELNOTES to turn off this notice)

UVM_INFO /tools/Xilinx/2026.1/Vivado/data/system_verilog/uvm_1.2/xlnx_uvm_package.sv(18648) @ 0: reporter [NO_DPI_TSTNAME] UVM_NO_DPI defined--getting UVM_TESTNAME directly, without DPI
UVM_INFO @ 0: reporter [RNTST] Running test counter_test...
UVM_INFO /tools/Xilinx/2026.1/Vivado/data/system_verilog/uvm_1.2/xlnx_uvm_package.sv(20867) @ 0: reporter [UVM/COMP/NAMECHECK] This implementation of the component name checks requires DPI to be enabled
UVM_INFO ../../../../project_1.srcs/sim_1/new/src/driver.svh(25) @ 0: uvm_test_top.env.drv [run] Running with 100 loops
UVM_INFO ../../../../project_1.srcs/sim_1/new/src/printer.svh(23) @ 20000: uvm_test_top.env.p [run] data_in: c0895e81 q: xxxxxxxx  ld: 0,  inc: 0
UVM_INFO ../../../../project_1.srcs/sim_1/new/src/printer.svh(23) @ 40000: uvm_test_top.env.p [run] data_in: c0895e81 q: 00  ld: 0,  inc: 0
UVM_INFO ../../../../project_1.srcs/sim_1/new/src/printer.svh(23) @ 60000: uvm_test_top.env.p [run] data_in: 46df998d q: 00  ld: 0,  inc: 1
UVM_INFO ../../../../project_1.srcs/sim_1/new/src/printer.svh(23) @ 80000: uvm_test_top.env.p [run] data_in: 46df998d q: 00  ld: 0,  inc: 1
UVM_INFO ../../../../project_1.srcs/sim_1/new/src/printer.svh(23) @ 100000: uvm_test_top.env.p [run] data_in: 6d7cd0d q: 00  ld: 0,  inc: 1
UVM_INFO ../../../../project_1.srcs/sim_1/new/src/printer.svh(23) @ 120000: uvm_test_top.env.p [run] data_in: 6d7cd0d q: 00  ld: 0,  inc: 1
UVM_INFO ../../../../project_1.srcs/sim_1/new/src/printer.svh(23) @ 140000: uvm_test_top.env.p [run] data_in: 462df78c q: 00  ld: 0,  inc: 1
UVM_INFO ../../../../project_1.srcs/sim_1/new/src/printer.svh(23) @ 160000: uvm_test_top.env.p [run] data_in: 462df78c q: 00  ld: 0,  inc: 1
UVM_INFO ../../../../project_1.srcs/sim_1/new/src/printer.svh(23) @ 180000: uvm_test_top.env.p [run] data_in: d513d2aa q: 00  ld: 0,  inc: 1
UVM_INFO ../../../../project_1.srcs/sim_1/new/src/printer.svh(23) @ 200000: uvm_test_top.env.p [run] data_in: d513d2aa q: 00  ld: 0,  inc: 1
UVM_INFO ../../../../project_1.srcs/sim_1/new/src/printer.svh(23) @ 220000: uvm_test_top.env.p [run] data_in: 47ecdb8f q: 00  ld: 1,  inc: 0
UVM_INFO ../../../../project_1.srcs/sim_1/new/src/printer.svh(23) @ 240000: uvm_test_top.env.p [run] data_in: 47ecdb8f q: 00  ld: 1,  inc: 0
UVM_INFO ../../../../project_1.srcs/sim_1/new/src/printer.svh(23) @ 260000: uvm_test_top.env.p [run] data_in: e2ca4ec5 q: 00  ld: 0,  inc: 0
UVM_INFO ../../../../project_1.srcs/sim_1/new/src/printer.svh(23) @ 280000: uvm_test_top.env.p [run] data_in: e2ca4ec5 q: 00  ld: 0,  inc: 0
UVM_INFO ../../../../project_1.srcs/sim_1/new/src/printer.svh(23) @ 300000: uvm_test_top.env.p [run] data_in: b2a72665 q: 00  ld: 0,  inc: 1
UVM_INFO ../../../../project_1.srcs/sim_1/new/src/printer.svh(23) @ 320000: uvm_test_top.env.p [run] data_in: b2a72665 q: 00  ld: 0,  inc: 1
UVM_INFO ../../../../project_1.srcs/sim_1/new/src/printer.svh(23) @ 340000: uvm_test_top.env.p [run] data_in: 10642120 q: 00  ld: 0,  inc: 0
UVM_INFO ../../../../project_1.srcs/sim_1/new/src/printer.svh(23) @ 360000: uvm_test_top.env.p [run] data_in: 10642120 q: 00  ld: 0,  inc: 0
UVM_INFO ../../../../project_1.srcs/sim_1/new/src/printer.svh(23) @ 380000: uvm_test_top.env.p [run] data_in: 8983b813 q: 00  ld: 1,  inc: 0
UVM_INFO ../../../../project_1.srcs/sim_1/new/src/printer.svh(23) @ 400000: uvm_test_top.env.p [run] data_in: 8983b813 q: 00  ld: 1,  inc: 0
UVM_INFO ../../../../project_1.srcs/sim_1/new/src/printer.svh(23) @ 420000: uvm_test_top.env.p [run] data_in: eaa62ad5 q: 00  ld: 1,  inc: 1
UVM_INFO ../../../../project_1.srcs/sim_1/new/src/printer.svh(23) @ 440000: uvm_test_top.env.p [run] data_in: eaa62ad5 q: 00  ld: 1,  inc: 1
UVM_INFO ../../../../project_1.srcs/sim_1/new/src/printer.svh(23) @ 460000: uvm_test_top.env.p [run] data_in: e7c572cf q: 00  ld: 0,  inc: 1
UVM_INFO ../../../../project_1.srcs/sim_1/new/src/printer.svh(23) @ 480000: uvm_test_top.env.p [run] data_in: e7c572cf q: 00  ld: 0,  inc: 1
UVM_INFO ../../../../project_1.srcs/sim_1/new/src/printer.svh(23) @ 500000: uvm_test_top.env.p [run] data_in: 9e314c3c q: 00  ld: 1,  inc: 0
UVM_INFO ../../../../project_1.srcs/sim_1/new/src/printer.svh(23) @ 520000: uvm_test_top.env.p [run] data_in: 9e314c3c q: 00  ld: 1,  inc: 0
UVM_INFO ../../../../project_1.srcs/sim_1/new/src/printer.svh(23) @ 540000: uvm_test_top.env.p [run] data_in: ec4b34d8 q: 00  ld: 0,  inc: 1
UVM_INFO ../../../../project_1.srcs/sim_1/new/src/printer.svh(23) @ 560000: uvm_test_top.env.p [run] data_in: ec4b34d8 q: 00  ld: 0,  inc: 1
UVM_INFO ../../../../project_1.srcs/sim_1/new/src/printer.svh(23) @ 580000: uvm_test_top.env.p [run] data_in: 5b0265b6 q: 00  ld: 1,  inc: 1
UVM_INFO ../../../../project_1.srcs/sim_1/new/src/printer.svh(23) @ 600000: uvm_test_top.env.p [run] data_in: 5b0265b6 q: 00  ld: 1,  inc: 1
UVM_INFO ../../../../project_1.srcs/sim_1/new/src/printer.svh(23) @ 620000: uvm_test_top.env.p [run] data_in: 150fdd2a q: 00  ld: 0,  inc: 0
UVM_INFO ../../../../project_1.srcs/sim_1/new/src/printer.svh(23) @ 640000: uvm_test_top.env.p [run] data_in: 150fdd2a q: 00  ld: 0,  inc: 0
UVM_INFO ../../../../project_1.srcs/sim_1/new/src/printer.svh(23) @ 660000: uvm_test_top.env.p [run] data_in: 27f2554f q: 00  ld: 0,  inc: 1
UVM_INFO ../../../../project_1.srcs/sim_1/new/src/printer.svh(23) @ 680000: uvm_test_top.env.p [run] data_in: 27f2554f q: 00  ld: 0,  inc: 1
UVM_INFO ../../../../project_1.srcs/sim_1/new/src/printer.svh(23) @ 700000: uvm_test_top.env.p [run] data_in: aaa4b15 q: 00  ld: 1,  inc: 0
UVM_INFO ../../../../project_1.srcs/sim_1/new/src/printer.svh(23) @ 720000: uvm_test_top.env.p [run] data_in: aaa4b15 q: 00  ld: 1,  inc: 0
UVM_INFO ../../../../project_1.srcs/sim_1/new/src/printer.svh(23) @ 740000: uvm_test_top.env.p [run] data_in: 2635fb4c q: 00  ld: 1,  inc: 0
UVM_INFO ../../../../project_1.srcs/sim_1/new/src/printer.svh(23) @ 760000: uvm_test_top.env.p [run] data_in: 2635fb4c q: 00  ld: 1,  inc: 0
UVM_INFO ../../../../project_1.srcs/sim_1/new/src/printer.svh(23) @ 780000: uvm_test_top.env.p [run] data_in: dbcd60b7 q: 00  ld: 0,  inc: 0
UVM_INFO ../../../../project_1.srcs/sim_1/new/src/printer.svh(23) @ 800000: uvm_test_top.env.p [run] data_in: dbcd60b7 q: 00  ld: 0,  inc: 0
UVM_INFO ../../../../project_1.srcs/sim_1/new/src/printer.svh(23) @ 820000: uvm_test_top.env.p [run] data_in: 44de3789 q: 00  ld: 1,  inc: 1
UVM_INFO ../../../../project_1.srcs/sim_1/new/src/printer.svh(23) @ 840000: uvm_test_top.env.p [run] data_in: 44de3789 q: 00  ld: 1,  inc: 1
UVM_INFO ../../../../project_1.srcs/sim_1/new/src/printer.svh(23) @ 860000: uvm_test_top.env.p [run] data_in: a8c7fc51 q: 00  ld: 1,  inc: 1
UVM_INFO ../../../../project_1.srcs/sim_1/new/src/printer.svh(23) @ 880000: uvm_test_top.env.p [run] data_in: a8c7fc51 q: 00  ld: 1,  inc: 1
UVM_INFO ../../../../project_1.srcs/sim_1/new/src/printer.svh(23) @ 900000: uvm_test_top.env.p [run] data_in: 6457edc8 q: 00  ld: 1,  inc: 0
UVM_INFO ../../../../project_1.srcs/sim_1/new/src/printer.svh(23) @ 920000: uvm_test_top.env.p [run] data_in: 6457edc8 q: 00  ld: 1,  inc: 0
UVM_INFO ../../../../project_1.srcs/sim_1/new/src/printer.svh(23) @ 940000: uvm_test_top.env.p [run] data_in: bf05007e q: 00  ld: 1,  inc: 0
UVM_INFO ../../../../project_1.srcs/sim_1/new/src/printer.svh(23) @ 960000: uvm_test_top.env.p [run] data_in: bf05007e q: 00  ld: 1,  inc: 0
UVM_INFO ../../../../project_1.srcs/sim_1/new/src/printer.svh(23) @ 980000: uvm_test_top.env.p [run] data_in: e9ebf6d3 q: 00  ld: 1,  inc: 1
UVM_INFO ../../../../project_1.srcs/sim_1/new/src/printer.svh(23) @ 1000000: uvm_test_top.env.p [run] data_in: e9ebf6d3 q: 00  ld: 1,  inc: 1
INFO: [USF-XSim-96] XSim completed. Design snapshot 'testbench_behav' loaded.
INFO: [USF-XSim-97] XSim simulation ran for 1000ns
launch_simulation: Time (s): cpu = 00:00:05 ; elapsed = 00:00:06 . Memory (MB): peak = 10245.777 ; gain = 41.203 ; free physical = 4076 ; free virtual = 7891
